$ 17,388
channel noise
hebrew biblical poetry
new south wales
the abomasum
2012
gopubmed.com
musicals
la zarzuela palace
csx transportation and norfolk southern
1882
19 %
1893
3 september 1956
75 %
written japanese
brian sandoval
east greenland
a grain elevator
chalk
magnetic compasses
30 october 1992
2003
three
1892
3,000
arab league edward atiyah
sexual assault including rape
kfxr 1190
1998
grasses
7th century
3.6 children per woman
infantry doctrine
leather production
manchester airport
quartz
tamara de lempicka
megachurches
placiti cassinensi legal documents
black and indigenous communities
geochemical evolution of rock units
81.8 %
steve perryman
2006
1921
kiepert hyperbola
cognitive externalism
5,239,350
1 %
heinrich lammasch
chris evert
1973
state of rhode island and providence plantations
diophantus
behaviorism
over 23 years old
samvel karapetyan
mnemonic techniques
salmon
boulder freeride
fuzes
pelagic fish
syntax
bezirkshauptmann
1820
suicide
catalyst browse and catalyst production suite
arthur david olson
2010
syntactic
the european ombudsman
22 percent
limassol carnival festival
déda
1 million
socrates
a4ai
zen
new federalism
ghb
ribbed vaults
vermont
chlaenius
new york city area
1979
20 % per year
not
duluth domestic abuse intervention project
six
1950
garifuna
elizabeth a. fenn
west indian commission
various models of climate change
andean community of nations
0.01
calcite
rector magnificus
1 million
$ 14 billion
indigenous revolts
+ formula _ 49
evolutionary psychology
twenty
200
mikhail gorbachev
adequate potassium intake
logistics automation
multigraphs
formal semantics
46 %
josip broz tito
titus alexander
christianity
breeds
city mayors
1185
los angeles
sarcasm mark
leona aglukkaq
literal projections
manipuri dance
second largest
new york harbor
bicameral
$ 2 billion
davis guggenheim
hegel
marshal muhammad ayub khan
1867
jan ekier
slavonic-serbian
providence
mike mcconnell
liquid nitrogen
silver
baron hirsch synagogue
antwerp
brickell avenue
1678
25 %
12.6 %
king seongjong
ashkenazim
1996 – 2005
implicit measures
6 %
ioannis kapodistrias
haupt - and realschule
bin laden and al-zawahiri
thailand and indonesia
federal reserve act
randolph churchill
error-prone
aberystwyth university student union
92
brasília utopia
the renaissance
phonology
las medulas
golden corral
fluorine
1634
1972
185,000
july 19 , 1909
1892
james emery white
2 october 2011
1988
direction cosine matrix
issa serge coelo
iphone 3g and 3gs
1949
the environment and anti-corruption
x-ray or neutron diffraction
photosynthesis
hellenic petroleum
11 december 2012
30 july
1347
female mate choice
potlatch
cypria
220 , 20 , 60
27.1 %
marian " legions
1997
hydrophobic ink
1999
abdullah ibn sa 'ad
the coventry and warwick panthers
feudal
tranzalpine
king edward vi
international tower
tito
digital manipulation
jamestown area
miri airport
2013
30
western standard time
white
great wood hill
1789
2 years
suicide-bomber training
archery
semiconductors
mesopotamia
3 million
epiic
buddhism
zebrafish
andrew wilson
logic formulae
40
hunter-gatherer groups
1914
1516
late 19th century
president mohamed nasheed
2 october 2009
1962
horchata
uk and france
february 25 , 2010
geophagy
general electric
john kirby
social and economic anglicisation
west
1964
2018
1700
1998
pest control
1734
samuel wilderspin
eurasia
25 may 2012
principia mathematica
89.8 %
1818
1989
crab apples
nuclear fusion of hydrogen in the sun
jan harold brunvand
nairobi
purgatory
11170
lough neagh
sexual reproduction
caroline minuscule
statistics sweden
1991
dozens
william pitt the elder
medical leave
west
low earth orbit
four
kenya airways
1969 to 1973
muscle strain
27.45 %
coats of arms
the port of amsterdam
olathe
most families sharing origin
mpeg-4 audio
outer mongolia
72 %
42.88 %
1949
$ 10 million
vondelpark
susumu ōno
long-distance communication
10.7 %
jefferson
riparian zone
1789
2000 bce
1828
october 12 , 2015
marketing segmentation
castile and león
song jiaoren
zollern
continental
himachal
general assembly
24 %
2000
port of durban
margaret cole
moisture content
sol
goa university
show boat
1926
2009
49 %
portuguese
the british antarctic territories
$ 140.4 billion
440 hz a
193
$ 35,644
may 2013
traditionalist
1970
cimmerians
creative commons
universals
1999
the minister of justice
9 july 2004
rockabilly
blue nile and white nile
bronchodilation
forwards
1838
station biologique de roscoff
radio galega
salvadoran
1850
maulana karenga
grey peas and ham
december 2016
peter ueberroth
alfred hooper
walmart
tesla model s
2003
parish of st. philip
george albert smith
companions umar
fc odessa
grande saline bay
73 %
either excite or inhibit the firing of neurons
seven bear skulls
dave campo
1356
tarbela dam
new delhi
ymca
nucleocosmochronology
paleoclimatology
homochirality
socknar
five billion
three million
1769
vermont theatre company
assumptions
1969
pope gregory xiii
the english and scottish parties
julia zimmerman
new england
may 2
carbon dioxide
holy communion
samurai women
african-iraquis
nadaswaram
pets
sinfin lane
380
1998
hemp
radcliffe college
88 %
monastery
el prado
1957
toronto star
nilgiri mountain railway
william wordsworth
llanes
2008
2006
philip craven
the port of long beach
747sp
1999
disfellowshipping
sodium potassium alloys
goats
quebec civil law
joseph schumpeter
v. s. pritchett
1654
bruchsal
electrical energy
elementary particles
phosphorylation and dephosphorylation
chief of police
hemoglobin
september 11
john howard
ayia napa
bosnia and herzegovina
shaftesbury
77
l85a2 assault rifle
thirteen thousand
hispanus
2015
januarius
general charles huntziger
biolinguistics
12
34 percent
football
2,800
savannah-chatham metropolitan police department
darwin
western aramaic dialect
cognitive bias
labrador
2013
the exodus
associationism
more convenient
wadi salib
2003
jock mchale
social power to impose it upon others
sierra leone
inbound logistics
prague
those who are suspected of terrorism
herbaceous
diarrhoea
the largest river surrounding hainan
1931
80 %
six
indonesian
david mcgowan
alpine ibex
wind
december 6 , 1917
potato
black sweat
social media
snow
2015
snowflake topology
john durham peters
neue schubert-ausgabe
dolby interactive content-encoding technology
1992 – 93
westminster children 's services
italy and france
gadodiamide
filmi
pastors
alpha chi sigma
delhi and chandigarh
old french
fort victoria
artificial emotions
saint basil of caesarea
20
revolutionized free space optics
alma white
2012
6.5 percent
clarksburg , west virginia
the slavic influence
twelve percent
16.71 tenge
the orthodox
preselection
helium
1285
deception
alfredo stroessner 's paraguay
the churchlands
eris
stabilizing
dardanelles campaign
2000
china and europe
the scottish reformation parliament of 1560
the supervising authority at each particular jurisdiction
one of the synergids
eastern qing tombs
1910
cantonese
presiding officer
west-north-west of tottenham
invertebrates
nature versus nurture "
13 april 1965
the two-step hypothesis
shakuni , duryodhana and dusasana
june 20 , 2007
general elio
airport
1922
april 1908
26 may 1937
1920
a gripper assembly
gastropods
inverse multiplexing
horseback riding
mihintale hospital
20 %
watercraft
azerbaijan
classical antiquity
infrared sensing
1861
1886
standard pitch
circadian rhythmicity
muni metro system
1865
suny cobleskill and suny delhi
general moshe dayan
iupac
henry burr
the kenya defence forces
vatican city
dick cheney
earl browder
chinese characters
6 september 2007
polygynous
adama barrow
station
permian period
het kasteel
joseph haydn ca.1763
dielectric coolant
norma ashby
1954
bananas
firefox 41.0.2
nostoc
sir seewoosagur ramgoolam international airport
29 january
carbon dioxide induction
1943
the vegetation
tur abdin
la new york
purely aesthetic purposes
positivism and historicism
richard smalley
manufacturing
astronomer maria mitchell
paragraph 2 of article 3
sparky lyle
lenni lenape native americans
richard allen and absalom jones
ballpark village
community ecology
gudea of lagash
gabu
ocean view school
40 %
minsk
hunt
notaries
chromosomes
eric wedge
1875
married couples living together
type viif u-boats
transference
cochineal insect
linux-based
1 may 305
12
despotism
richard ii
air mass classification
acceleration
panamanian cuisine
hampton beach
terry kramer
vh1 hd
1482
1981
$ 100 million
mount vernon
1945
1992
young and fast-growing
mungunhurhree and haranga
jamaican diaspora
john batman
duke robert
glucose
folk traditions
strategic blunder
astronomy
1680s
200 meters
lumen gentium
heterothallic
90 %
glasgow
region of the skin
blaze
1970
2023
smoky quartz
spherical
1902
1885
secularism
u.s. coast guard 's
micronesia
100,000
18th century
1,000,000
ricky gervais
the sangam literature
rainwater harvesting
the arctic
2007
essex county council
malay
vegetius renatus
lake ritsa
they will support the proposal of the conference at the forthcoming peace settlement
haemoglobin
st. georges university
zero
frequency modulation
al jazeera
john woodall
great andaman
optimal foraging theory
other animals early in evolution
pacific ocean
few
hydraulic analogy
optics
force
zagreb airport
1992
gematria
september 26
biomechanics
jeff buckley
mestre
rabbi avraham lapine of chabad
bernini
swahili
carbon monoxide
serpentine
8,285,692
23.9 %
reading materials
national and tribal sagas
wallonia
student life center
the greek orthodox
thomas aquinas
10 %
1970s and early 1980s
katakana
1557
lisa simpson
patras
svalbard reindeer
mikhail bakunin
goldbach 's
sannomiya station
paul galvin
high definition formats
75 %
warren manning
solar energy
collagens
sultan qaboos
a series of tectonic events
brighton town hall
farnese atlas
may 1994
178
1885
1995 – 2006
manas university
london and the dead sea
trilobite eyes
uc davis men 's crew club
buddhism
the commonwealth of massachusetts
neoclassicism
kristine holderied
glutamate and gaba
hodges – farstad edition
ethnobotany
fujiwara
richard stallman
qatar
public transport systems
osaka and kyoto
andy warhol
mcpixel
bribed
23 november 2011
usa rugby
2014
barro colorado island
control theory
venus and mars
soft coral
bhili and gamit
new haven county cutters
over 20 professional companies
28.5 %
12th century
padua
134.2 khz
magic realism
samkhya
kansai
late jurassic archaeopteryx
2015
comparative statics
60 %
rabies
enrico barone
marijuana
the liberal arts campus
curbside collection
$ 1.037 billion
prime minister
football
trinitarians
klyde warren park
1946
newark liberty international airport
february 2003
a research tool
bhagavad gita
a toilet
monaco grand prix
communal prayer
silverstone
the nordic cross
2007
inflammation
the youth rights movement
alfonso xiii
february 22 , 1980
hillbrow
early 16th century
somali
rare earths
carl jung
egypt and israel
passive
political boundaries
decibel
c-reactive protein
ammonia
7 ° to 25 °
masonic lodge
1,500 – 2,000 years ago
thermodynamics
30 %
magnifications
port jackson
new zealand
gibraltar chronicle
mount auburn cemetery
1909
super game boy 2
2005
lincoln cathedral
washington
pulmonology
the battle of marengo
eric clapton
europa
1971 – 2000
θεῖον
1917 and 1918
healthy people 2020
1902
nomura securities
pascal
fairfax county public schools
586 bce
vinhomes khanh hoi , vinhomes golden river and vinhomes thu thiem
$ 76,485
charles john huffam dickens
flutes
truman
patrick moore
haldane effect
1502
anemophilous flowers
lexmark
iso / iec 12207
7 april
700
aberdeenshire
fifty thousand moors
governor general
salt lake city
1439
releasing chemical compounds
twitter and nielsen
30 %
tropical lifeforms
4 – 2 – 4
edmonton
unpleasantness
hiroshima gokoku shrine
76.7 %
dresden state operetta
glanville williams
molecular nanotechnology
the ab language
saint pierre and miquelon
cour de cassation
16 december 2007
the law of sines , or sine rule
monosyllabic
300
democratic-republicans
mecklenburg-vorpommern
toulouse olympique
1990
1986
saturn v rocket
frederick denison maurice
1969
podlaskie
cell horizontal radius
22 – 25 percent
wi-fi capability
carboniferous
mulatto
1455
the breton war of succession
andy gibb
king fahd
1878
cima
training rules
463
bahgat group
fisheries science
tokugawa
semi-natural
50 %
22 %
natural parks
hematocrit
lossy data compression
columbus crew stadium
sediment
east german control
2005 – 07
200,000
rainwater harvesting
1974
90.3 %
milk
oma drm
silicate glasses
increase
crystal swing
niacin and niacinamide
html
energy efficiency of its buildings
plesiosaurs
1354
stenian period
sierra leone
2000 bc
1860
paltadcho manis
charles grandison finney
santurce
the sundial 's " gnomon "
77 %
adolf hitler 's aggressions
1963
scapa flow
khums
most widespread dialect
webby special achievement awards
cricketers
castlefield
braun and gearhart
1820 – 30
1907
gonzalo higuaín
milk quartz or milky quartz
viagra
education and social capital
israel 's ministry of foreign affairs
doge of venice
march 2017
of-5
otto j. maenchen-helfen
1981
acetate
1978
jack greenwell
alexandre dumas
coventry and warwickshire ambulance service
ignatius loyola
capital city committee
august 2002
1881
michael carrithers
arid western states
pema chödrön
33 percent
premier gordon campbell
fairbanks
dan pfeiffer
hohokam stadium
central and southern yukon
21 years of age plus
content consumption
aetokremnos
2008
2,000
more than two-thirds
the middle way
boroughs
the staffordshire hoard
{ 1,3,5 }
turbo-normalized systems
iron age
richard posner and lawrence lessig
early telephone repeaters
theropod dinosaurs
mortgage bankers , accountants , and cost engineers
george washington
wakenitz
258.9 million
murder of many political opponents
sinners
125,000
andhra pradesh forest department
1 + 1 = 2 "
latin
hyperfine atomic transitions
deformational events
14.1 million
flamines
medical
john locke
1923
mike coffman
amorphous solids
ramsay macdonald
fracture mechanics
george gershwin
troponin
july 10 , 1918
january 1968
thuringia
saudi arabia
mississippi river
temperature and precipitation
linear particle accelerators
nicolás burdisso
2007
95 %
santa barbara
life imprisonment
boxing
992
3,241,003
2005
deputy jean-baptiste jourdan
1857
a good breeding season followed by a food source failure
early 2011
mount murud
miss stone
emmeline pankhurst
deep water around curaçao
1980
2012
ethiopian orthodox tewahedo church
23 may 2010
sulfur sticks
hansenet
frits philips
ylang-ylang
1921
control video
pygmy peoples
opera turbo
2007
library of congress
fresno municipal sanitary landfill
alison richard
nadzeya ostapchuk
maxwell 's macroscopic equations
50 %
centimes
2008
1.65 million euro
our own minds
larger
chemical and physical stimuli
one side or the other
45 %
2004
the european rabbit
sporting neapolis and internapoli
1870
saint vincent and the grenadines
ultimo
geoidal undulation
lindlof and taylor
clean water
radial tire technology
biodiversity
british shipbuilders
elo-based rankings
1996
mental illness
2,947
15 november 1983
2012
40,000
bangkok
fiona maccarthy
the gastrula
helsinki arena
pakistani punjab
1950s
july 2016
limestone
halo nuclei
submachine guns
abraham calovius
1865
an arm or leg
higher-order
zinc
nancy pelosi
19 june 2015
john graves simcoe
ecclesiocracy
no stained glass , no elaborate furnishings , and no images
analytical chemistry
photons
butchers lloyd maunder
alfred herbert ltd
nahravan canal
lake powell
artificial insemination
1787
old babylonian
plato
bolivia and peru
walter rodney
copper
cayetano ripoll
lighthouses
the chief of staff of the army
typesetting
subgroups
cuneiform tablets
klaus von beyme
vyacheslav ivanov and vladimir toporov
1984
formula _ 21
2014
arctic and antarctic regions
1973
kenichi horie
2002
lax forest management and deficient environmental laws
444 million
southampton old bowling green
1964
1775
transnational and interstate issues
july
dominions of the british empire
genome editing
ravenna
łazienki
decadic
1954
angola gyre
glonass
maharashtra legislative council
odisha day
500 million
são tomé
replace self-government with a local council
david horovitz
industrial revolution
1990
1873
1642
bioengineering
1920s
proteome
napoleon
the hair shaft
2014
new caledonia
turban
intellectuals
cli
1986
a courtroom
enr
december 1844
the karma kagyu school
the town and country planning department
benthic macroinvertebrates
subjectivism
six
north rhine-westphalia
2.7 %
nero ag
sponges
usb 3.0 and newer interfaces
san juan
puritanism
62
troy cassar-daley
1959
bosniak
interstate 70
icelandic
mediterranean sea
warwick academy
wolfgang schmieder
1864
reticent
spraying of water droplets onto the ice
1992
warmer
technicism
840
midland and broadway
the anglican use
2007
12,915
jules grevy
ernst mayr
western slope of colorado
classical hebrew
psychological skills and social skills
dumb-down principle
diesel fuel
the us supreme court
16th century
magnesium
axons
monk montgomery
quality circles
dallas county
de gaulle
through the wire
1924 and 1928
william cookworthy
eesti energia
james webster
national ecclesiastical assembly
arthur danto
nanling mountains
thermodynamic concepts
standing stones
2015
the dominican order
scientific names over common names
azar gat
angolan armed forces
30 %
1857
network topology
subeditors
thames conservancy
commercial pollination
well-conditioned "
4.1cbsd
the royal military college of canada
world war i.
2014
anxiety
an administrative board elected by popular vote
1821
national and international law
global voice of the library and information profession
house of commons
lester f. larsen tractor museum
irrigation
auguste audollent
august 2012
herbaceous
1798 – 99
deductive falsification
suriname
são paulo
shropshire
rydberg matter
overharvesting
non-vedic
pitcairn island
tony visconti
979
ninety-five percent
1797
1873
wadi al-jarf on the red sea
suzanne saueressig
1912
1993
windows 95
bulawa
macrotaxonomy
15 august
2012
114 million chf
a child 's parents or legal guardians
professional philosophers
celts
tow tractor
driehaus architecture prize
a bad tyrant
touring musicians
nokia communicator
mississippi
the president and general secretary
the cardiff university athletic union
2005
civil court of grosseto
69.5 %
1965
june 2012
scavengers
1757
1187
google adsense
july 2011
2014
1985
state fair of texas
1593
douglas wilder
1974
the crimean war
poor agricultural lands
1914
saxons
ismail pasha
misery and oppression
21.9 %
rabbits
karl jansky
octavia nasr
syd thrift
paul mccartney
pope john paul ii
crystal ballroom
1399
1986
rwth aachen university
general of the army
tassel
al capone
livestock feed
flower motifs
chechnya
1656
four
radians
mozambique
over 100
tribology
ammonia
potassium graphite
bishop of milan
hospira
2002
scott gomez
seven
extraordinary rendition
1811
greater wind speeds
1974
1794
state law
sunni islam
kim beazley
1370
starch
santa lucía river
preexisting character encodings
1947
cytosol
800 or 1,000 ft
cape verde hurricanes
brown
exogenous
buick street and nickerson field
romeria de el rocio
israel
bartolomé de las casas
de gaulle
chake-chake
university of birmingham sport
over 100 performances
macy 's
incompatibilism
multiple
1478
two
charles ii
14.8 years
inflection
trendtopper mediabuzz college rankings
lorraine c. miller
chinese
€
2009
2011
james d. griffin
john ray
3.5 million
pamplemousses botanical garden
thumbelina
january 2010
2005
true aspirated voiced consonants
kakkanad
financial incentive
pytheas
cameroon
162 million
1870
david o 'leary
2014
francisco solano lópez
november 2016 elections
min
dick cheney
charles martel
1984
andrey markov
new haven county cutters
2011
eighty-five percent
armenian apostolic christianity
26 september
comitat
classical planets
october 1806
carles rexach
analytical chemistry
atlantic city
167 million
1978
betaproteobacteria
82 percent
desired without violating shabbat
collocation
pauline peters
30,000
namibe
international music score library project
generalized markup
athena 98.4 fm
jeong cheol
julius morgenstern
mygalomorphae and araneomorphae
stereoscopy
de gaulle
standard state insurance law
temperate
souad massi
niihau hawaiian
new york law school
45,000
schleswig-holstein
793
10 %
orient-aster
1 july 2010
drexel and university of pennsylvania
13th
six
two lions
history of the peloponnesian war
bible
british american ancestry
1999
fission
magnetic field
february 1980
thessaloniki
myokines
1890
anaphase lag "
fritz zwicky
1918
46
university of mannheim
laguna salada
1890
mumbai
filioque clause
1 january 2015
26th
cyanobacteria
diabetes in their mother
explosive material
embryos
391
7 %
1791
zu chongzhi
joseph inikori
westminster hall
1963
seismic waves
adrien-jean-pierre thilorier
1 : 6
36 %
panamanian public forces
wolf link amiibo
creta
adelaide airport
1351
comoros
$ 230,700
james chalmers
1981
daylighting
civil rights movement
the college of william & mary
35 %
74 minutes
jealousy
atmospheric clouds
gurdwara
viscount curzon
unfired pots
crow flats and bluefish caves
hapua
four
lead – acid battery
egyptian hieroglyphs
solifugae
iron and aluminium
1946
2009
quarks and leptons definition
3 to 5 u.s. cents per kilowatt-hour
matthieu chedid
four years long
ballet austin
comprehensive state school systems
tunisians
guwahati
pharmacognosy
55
2008
ships
like comte
september 2007
suny potsdam
1968
alexander hamilton
santiago
italian east africa
ralf dahrendorf
1947
john gorton
u.s. equal rights amendment
1917
quantum mechanics
1875
christian
100
geoists
foraker act of 1900
8th
persistent drought
glamorgan county cricket club
back to the future part ii
chimamanda ngozi adichie
title vii
40 %
1867
1940
1996
the constitution of the french fifth republic
rectangles
iso / iec 9995 - 4
barcelona
40 %
richard lindzen
1834
2007
1999
decrease
1948
game act 1831
thomas soules
simon johnson
40 hours
lutheranism
north-south
25 districts
henry durant
kurbat ivanov
1721
aquarian tabernacle church
silence dogood
nickel-62
mnemonics
victor montagliani
main sequence stars
2152
40
secretary-general ban ki-moon
tia
finlandia
arabic
saifuddin azizi
confucianism
rig veda
enemies
marpol 73 / 78
hydrometeors
adolphe thiers
arctic
methanol
dominica
june 2016
postmaster
poultry
1902
compressed tea
alexandre dumas
faith and practice
6th century bc
education savings accounts
the puente hills fault
the party committee at the next higher level
handmade films
1870
folklore
vincoli
1989
the states of jersey law 2005
saint-germain-en-laye
1 july 2013
utah arts alliance
2006
12 march 2012
madagascar
hemoglobin
biomechanics
the smallest ever for a re-elected incumbent president
routers
galilean targumic
telencephalon
2012
osaka bay
the manchester guardian
the parliament of england
comandante gustavo kraemer international airport
wall street
a frequency counter
paragliders
m. r. štefánik airport
james forrestal
mckeldin mall
85 %
1959
the catholic diocese of tulsa
sosnovka
st. john the baptist
2010
article 21
lockstep
britain and austria
diagnosis and management
sexual orientation
nairobi
1638
sunni and shi 'i islam
endocardium
william hammond
1790
arabic poetry and persian poetry
louis washkansky
vanuatu
1,800 years ago
post-punk
panhandlers
bolshevism
16 october 2013
mobile phone
crochet
greases
guindy national park
ninety-six seats
pearl street mall
hainan
joachim goschen giæver
battle of powick bridge
september 11
christopher ryan and cacilda jethá
the speaker
recursion
political and historical contexts
the government of russia
western speedway
second half of the 20th century
consists of 15 members from various backgrounds
donkeys
cambodia , india , brazil and mexico
grammar
august 2012
giovanni da verrazzano
frosch
andalusia
samuel adelstein
sql
2014
al-ḍawʾ al-lāmiʻ
piperine
jimmy iovine
the cabinet secretary of india
1936
olive oil
sixth quark
violins
queens borough hall
the welsh language act 1993
jimmy lawrence
canada , japan and russia
the ulster museum
roland robertson
atomichron
colombian tamal
nate thurmond
the " topside " of the usb plug
industrial revolution
the arthashastra
odessa
edicts of government
northern
roald dahl
1879
tokyo metropolitan central wholesale market
carl von clausewitz
mathematics
timelike geodesics
caste
r4m rockets
2 %
minamoto
denis caulfield heron
canton
ibn khaldun
infinitary combinatorics , or combinatorial set theory
wingless
2014
english and chamorro
the ottoman empire
jessica sanchez
chalk
curly lambeau
federal law and treaties
alnico
14 october 1990
middleware
jester center
avar invaders
trinidad and tobago
subirrigation
one year
2013
science and technology
kathleen g. donohue
balkanization
inflammation
france
industrial disputes
oxbridge
1996
blue whale
id3 tag
saint thomas aquinas
yubi lakpi
1905
horseback
2005
1664
us 61
ultimate canada
formula _ 15
555
arrow 's impossibility theorem
brake lights for cars
portland cement
ocean transport
typography
2011
treaty of alliance
the royal norwegian navy
2007
july 17 , 2009
november 2003
major social situations
the standing committee
1,014
the nile
2014
babe ruth
fars province
barbara pierce
fewer than 100
five
1983
mother russia
acid-free paper
canelones department
1745
mont pelée
sce and stanford university
over 100,000
international crops research institute for the semi-arid tropics
arendt
a clear , homogeneous genetic subgroup
banu hawazin
over 100
cbeebies / cbbc broadcasting strand
88 %
23 %
1950
international ensemble modern academy
prish
the macintosh ii
1803
5 years
divizion
padma vibhushan e. sreedharan
downtown san diego
asthma and other allergic diseases
occupational taxes or license fees
coal mining
2007
bermuda 's methodist synod
valency
adolescents
yugoslav republics
ballroom dance company
patras
august 1953
gallican rite
andalusia
lake biwa canal
96 %
1938
orthodox judaism
st giles
iso 14001
west
anemia
the stress of the movement
1983
arithmetic
bitrate
htc stuttgarter kickers
1979
the government of india act 1935
$ 35,013
nigrosin
telenet
naïve falsificationism
proof theory
an entity within a specified timeframe
1958
formula _ 5
470
2010
jyotirlingas
1573
martin luther
capital requirements
limnology
1994
uhf band
800
ruby
intel and microsoft
south asian
1928
danilo astori
biodiesel
m58
jack kornfield
eugène morel
april 2016
optimal control theory
hamburg and denmark
1967
hydrogen sulfide
14 december 2006
jellyfish
ecotourism
endoreduplication
1977
chapel hill
the lspu hall
lithium hydroxide
witold zglenicki
a scalar field
warsaw film festival
geometrical pattern and order
unemployment
several
san francisco giants
the commonwealth parliament
butyl rubber
lipases
kabaddi
22 %
1226
37 %
football
prepositions
humbert of romans
operating temperature
dehiscence
70 %
despair
cantonese
biblical hebrew
camden yards
john f. kennedy administration
7 june 1981
19 percent
hungarian
triassic-jurassic extinction
jorge vargas
harmonic oscillators
economist intelligence unit "
infinitary logics
1963
las vegas , nevada
beechers
neutral monism
pali
infrared led light
extinction
11 september 2014
four
47
palm inc
1953
douala and bonabéri
ridgeway and correll
china clay
cape town and simonstown
20 %
the least onerous must be adopted
atherosclerosis
40 %
prices
telomeres
1956
47
kinship , gender and marriage
china
90 %
poultry
the arizona daily wildcat
treads
stockmann
aztec culture
the taoiseach
1974
metadata
college park airport
baseball
1925
1947
iso 8601
1996
the port of antwerp
the napoleonic wars
the port of singapore
2008
30 january 1661
november 22 , 1901
maimonides
volcanic eruptions
suburban cordova
an act of congress
mikko kaasalainen
morphs
vera institute of justice
680
1954
stephen hallet
70 parties
2014
caroline murphy
2009
opera australia
majhi and doabi
regional and national standards
radio
a ' # '
house rule book .
pez dispensers
transcription
french administrative law
myrmecophilous
halakha
2011
ganda or luganda
477
friedrich weinbrenner
50,000 hours
she would bring her back
eclectic
pope dioscorus of alexandria
the island of maui
1871
9.2 %
holy scripture
archaic era of greece
nucleic acid
ideal philosopher-leaders
1912
rem sleep ( with dreaming ) and nrem
françois marie arouet de voltaire
grades 12 and 13
rock
empiricism
22 %
fis ski jumping grand prix
all blacks
vuzix
uri , nidwalden , obwalden , lucerne and aargau
the imperial kaliff
evans v united kingdom
1987
2014 / 2015
1910
the fossil record
mma
new complexity
baritone
herefordshire county council
1860
wheat species
1952
30 %
30 %
2006
margaret hughes
march 1877
1976
massalia
real madrid
midtown manhattan
2 kw dissipation
bayern munch
santiago
polygyny
badr
2011
geelong
sea or lake bottoms
one bermuda alliance
mica
2.5 %
elsevier
burmese
dr pepper
japanoise
the ukrainian free university
uefa europa league
1867
hejaz and najd
amigaos
free and open source software
jules verne
1881
1978
artibonito
1410
14 %
andrew jackson
1173
slavic raids
biodiversity
general relativity
christopher clavius
1781
buraq air
20 %
eyeglass lenses
jain meditation
neo-confucianism
8 november 1993
defensive mimicry
irondale
97 %
silicate minerals
2008
1967
elbe lateral canal
98 %
multiple element transducers
1881
quail
nine
johns hopkins
20 percent
maria theresa
14
nicholas lezard
kansas city wiz
holomycota and holozoa
yogacara
200
upper-case
canadian national railways
1851
dsm-iv cut-off criteria
namie amuro
outer ring road
93 minutes
mehdi ghezali
modern hebrew
natural england
śākalya
lake tana
1999 – 2001
1986
8 february 1981
1840
the planets
nationality
vertical dials
indiana memorial union
the winner 's coronation single
general dwight eisenhower
john garrett
peter abdul rahaman sule
2016
condoms and oral contraceptives
7
john mccoy
metallic " bonding
lighting fixtures
abraham foxman
phoenician
31 december 1687
article 19
madras high court
villain
internal consolidation
hoverfly mimics
wilhelm roux
ford charcoal
shaman
digestive processes
twenty-six
asphalt concrete
centro habana
sano and williamson
articulation
1868
english
five years
1962
anglo-saxon
short prairie grass
montrose in scotland
horários do funchal
asparagales
recording or capturing images
2 may 1941
alert energy caffeine gum
5 %
agriculture
say 's law
florida agricultural college
frank shimasaki
5 million
bogotá
ecosystem
1934
loren j. okroi
16
1994
winter 2007 semester
1807
1958
60 %
international law and national sovereignty
http / 1.1
ms-dos 6.22
somnath
jalabiya
from 1842 onwards
adidas
sportv
the lungs of delhi
galactic disk
2009
argos
san antonio force
general consultative status
optics
jeremy bowen
rice
new hampshire
normative ethics
george makdisi
malmö
entropy coding
novosibirsk
a cricket shot
15 %
master russian
all christians
1650
parclo
1945
solar thermal technologies
moranbong band
the control unit , the memory
1935
w.v. quine
simplicity
standardization and interchangeability
interstice
greenpeace
j.b. miles
a royally appointed governor
pax britannica
09 : 00
equivalent to english " the "
the absolute fps system
spain and france
september 25
rigveda
1974
british
duran bell
4 october 1997
william stubbs
the first confers full sovereignty over the waters
de moivre 's formula
confused and contradictory
sabah al-ahmad sea city
ashmore reef
giovanni giorgio trissino
palatalization
biogeography
aurignacian culture
george maschke
1399
rudolf hilferding
343 m / s
graphite
pubco
football
2005
76 %
grain crude protein concentration
the united states constitution
the 19th century
1964
56 %
two million
bergen-enkheim
270
pune municipal corporation
cryptography
richard wagner
uranium
vanderbilt university
$ 300,000
1983
law
0.5 %
1891
more difficult reading
federal protective service
tourism
somali national television
michel bréal
ska saint petersburg
cape may light
1947
cannibals
categorical equivalence
samanars or tamil jains
$ 1,000
2006
tcp
helium
manufacturing
timothy snyder
islamic learning
576
bobby hurley
bowled
inquisitio eliensis
earth 's own sun
northern accra
commercialism
regular script typefaces
chromatin
multilingualism
hiram s. maxim
sint maarten
st. paul island and amsterdam island
1989
atomic theory
spaceguard
1991
ccirc
20 may 1977
1983
a property right
g-15
9 july 1976
debt bondage or bonded labour occurs
mary wollstonecraft
the sun
the australian electoral commission
julius caesar
joseon dynasty
national party government
2001
mortgage bankers , accountants , and cost engineers
allopathy
75 %
john miller
encryption and conversation archiving
hydrogen production technologies
samuel wilderspin
basal eudicot
turbine derivative
gloucestershire old spots pig
hegel
alaska 's 16 boroughs
2008
saratoga
jayawikarta
abu ubaida
uucpnet
84 per cent
a one-in-two chance of selection
30 percent
clovis the frank
statistical purposes and defining constituencies
1925
characters
park road gymnastics centre
digital spy
polyp
atropates
kandalanu
neurohormonal activation
kadikoi
looting
bioluminescent
discrete molecules
28 may 2008
cloning
geotechnical engineering
1342
1808
whirlpool
ashkenazi and sephardic jewish populations
zubarah
hovde
1922
formula _ 7
31 may 1989
harold pinter and josé saramago
1986
john anstis
10 – 12 %
cdp explosives
prince pedro
1280s
1946
rené descartes
$ 105 billion
kabul zoo
1879
$ 64.9 billion
gunnison river
four
toussaint louverture
lighthouse point park
the radius
1839
men of letters
120th street
the court 's pre-trial chambers
ivo nesrovnal
atiyah abd al-rahman
efundja
august 1889
vaux-le-vicomte
767 mm
the 20th century
max weber
jamaica
a member of legislative assembly
geshe michael roach
the telegraph
marguerite baroness de reuter
folk psychology
18 %
james madison
molybdenum-98
95 %
30 %
the constitution
pork
a public or private school
dodd-frank act
raffaella carrà
1195
66 %
ethnomusicology
morse code
2016
messengers
faulty risk-weightings
cannabis and bipolar disorder
1982 world national parks conference
india
environmental law
architectural acoustics
empirical
christmas island act
the red sea
compressibility
1827
1891
broadcasting authority of ireland
moscow and los angeles
2010
may 12 , 2010
1786
rio de janeiro 's carnival
franklin mountains state park
eugene odum
lime
47
the east
the four geneva conventions of 1949
1860s
william h. seward
consequentialism
toba catastrophe theory
14 %
radio
parliament square
alexandr alexeyev
frantz jourdain
firefox 37.0.1
charlotte 's cathedral of saint patrick
395
chief minister
privy counsellor
tan son nhat
agriculture and fishing
54 %
breton
christianity
marquis de lafayette
hydroponic technique
1969
31 october
in the middle of the 2nd century bc
early 2009
slash-and-burn cultivation
1820
nick robinson
brad gushue
messe frankfurt
tnf and fas
1923
stainless steel
han chinese of hainan
nuclear reactors and nuclear weapons
diogo ribeiro
vostok 3 and vostok 4
king frederick i 's württemberg
seven persons
martin ince
a resolution of the dispute
70
lichen propagules
australian broadcasting corporation act 1983
ma bufang of qinghai
afrikaans
piotr obuchowicz
399,339
1763
electronic product code
kaspar schiller
the center
aerodynamics
castilian war
78.9 %
ian mckechnie
the united states
historic uniforms
the formal theory
seven years
the border with jordan
rubeus hagrid
1906
220
tex
river thames
polynesians
political motives
greenlandic vehicle licence plates
greenpeace
batsman
nations
fifth monarchist thomas harrison
wireless keyboards
100
dissections
1500 and 1800
1986
19,600 metric tons
director d. w. griffith
albert edward and alexandra
maria theresa
the progressive era
anorthosis famagusta fc
bit reservoir
joseph stalin
diverges
mendel art gallery
automobile
labour mps
eight
independent thinking
reinfection
francis bacon
diethyl ether and chloroform
chinese new year
1997
incorporating more oldies
datax frame
munich
oregon treaty
june 1942
scripture
74 %
spark gap telegraphy
australia
methanogenesis
upper
2008
south of downtown
22 august 2012
royal tobacco factory
chloroplast division
marco gabbiadini
hydraulic fracturing technique
the first 45 rpm record created for sale
15th-century scotland
ljubljana university medical center
latency
admiral james stockdale
2015
robert hanssen
the baltic prussians
ardashir i
2013
senshūraku
31 october
16 million cubic meters over 17 years
high wycombe
japan and korea
this as well
collegiate gothic
phoneme inventories
python interpreters
peridinin-type chloroplast
broadcasting act 1990
route 128 corridor and greater boston
1565
sir mortimer wheeler
lake no
australia and new zealand
the 15th century
argos
les barracudas
1896
france and britain
pendergast
supreme court of india
pope innocent iv
masonry fences
hebrew names
drinking water
1575
mineral deposition
self-censorship
deccan traps
dna analysis
18 september 1810
313 men
jeff foley
the durand line
16
60 %
c #
a white background
herbivorous
meshwork collagen
65 %
nylon
suriname and the netherlands antilles
william h. warner
1.4 %
the second artillery corps
men 's fitness
2007
1910
alborz mountains
11th
clément ader
zealous missionary work
domain name system
sheikh issa
riau and malacca
guntram the rich
gretchen wilson
woodlawn cemetery
gerald gardner
over 20,000
" everyone has the right to a nationality
theravada buddhism
sanam luang
french and english
phosphate
utilitarianism
the slavers
gray
jan huber
allographs or distinct graphemes
quantum mechanics energy
worms
2011
witchcraft
pale lagers
randy falco
55 %
john evelyn
philadelphia tribune
roasting and washing
william iii
chris watson
alan o 'day
caresource management group
march 2013
methadone
1847
5.18 million tonnes
71 %
teryan street of yerevan
charles darwin
free trade
showy foliage
romany gypsies and irish travellers
a country 's consumption
the republic of china
fenner 's
al-rashid islamic institute
pre-sectarian
genius of palermo
gender identity
methylene blue
supercomputer
2024
nine
1989
1965
corporal
hugo von hofmannsthal
atn bangla
fibrous extrusomes
120 mm
historians
revelle and sixth
1972
1985
1859
via lagrange
worcester
real world problems
1971
antwerp
fractionation
amorphous graphite
north coast of spain
erwin panofsky
classical greek philosophy
media general
the church of scotland
solid earth materials
sappho
99.9 %
billy joel
cornelis de houtman
its ( chemical ) amount
charles alcock
plain-text
wallonia
58 / 292
government house
s. n. goenka
1815
1863
fourth
76 million
caesium auride
dualism and monism
markhor
509
ahimsa
philippe richert
kodava hockey festival
bioelectromagnetics
sir c. v. raman
constitutional law
led
1807
insects
glasgow
motorola mc68000
160
1883
early 1950s
joe smith
spinal cord
trinidad and tobago
takwin
kissinger
james madison
secretary of the treasury
eastern syriac
18
lomas de chapultepec
choi hong hi
peter carruthers
yeouido
plato
matatus
bilderberg group
giorgos kaminis
fredericton
morse code
phoenix
1184 bc
april 2014
zakat
leicester
leon uris
wabac machine
liberal political views
article 75.3
osaka
1216
apollo
outer harbour ferry terminal and the taipa temporary ferry terminal
reddish , warmer colours
engine noise
somerset maugham
iggy azalea
alâeddin mosque
speed-torque characteristics
rené lalique
firefox 18.0.2
chronology
allergen immunotherapy
over 12 thousand
cape verde
the erdapfel
premiers
ottoman empire and austrian empire
18.1 percent
march 2004
yohanan ben zakkai
october 18 , 2012
28 countries
peter solis nery
1653
1995
room 40
gamma spectroscopy
26000
north and south america
vegetarianism
folk dances
muscle imbalance
trainose
gomant vibhushan award
lidia skoblikova
benny peiser
talcott parsons
xinjiang economic daily
sofia
the chatham islands territory
hugues de payens
the hanseatic league
peppercorns
1497
subfamily ceroxyloideae
7 june 2016
883 billion dollars
94.3 %
iconography
$ 19,410
conventional leds
101
flight
the old belarusian period
greenland plate
warner music group
cîteaux
geminal diols
hans blix
drexel university
pingxi
book iv of his physica
sixfold
their desire for religious knowledge
james marcia
high-level waste
1938
charles beyer
80 %
jacques durand
elevation
14 %
drought
floyd norris
2013
2002
1711
thomas larcom
99.1 %
vitamin a
2013
a delay costs money
leavening
ethnomusicologists
1600 – 1605
samoa
935,000
pomors
other asian "
crown of spain
roundedness
polysyllabic
1887
pia toscano
condemned the protests
social stratification
the state
cardinal augustin bea
tim berners-lee
spanish neoclassicism
the saxons and the angles
maimonides
1793
70 %
2002
saba spice
1988
pima cotton
the foreground color
richard quinney
photoreceptor cells
1989
tepper school of business
charles darwin university
carbon monoxide poisoning
1800
a43
99 %
haiti 's ministry of defense
sunlight
lutheranism
onesimus ustonson
hittite
palestrina
stena line
equal temperament
mesozoic era
chinese
intended to dampen international speculation and strengthen portfolios in the private sector and also the central bank
louis b. mayer
frankfurt stock exchange
muffler
ghana empire
quran and sunnah
urban enterprise zone
persian
2011
lignite
coldplay
dhivehi
david mcgowan
july 10 , 2015
shiplake
non-conservative
bill shapiro
magnetic declination
pope field
gordon brown
8.8 %
70 %
nablus
1924
1976
drought
different geographical extents , or which are restricted to particular areas of law
tianjin
1741
wheat and sweet potatoes
1995
rockingham speedway corby
aquaculture stewardship council
atlantic city bus terminal
ethnomusicology
queen elizabeth ii
princess elisabeth base
october 4 , 1957
octavian
murray bookchin
santa monica
algiers
battle of murfreesboro
crédit lyonnais
the m50
70 %
radolfzeller aach
35 years
1186
a regency
1500
thilafushi
the effects of damage to them
scottish gaelic , irish and manx
kan tagami
university of the witwatersrand
1920
increased
general erich von falkenhayn
surrealism
10 %
triebenberg
count borell of barcelona
recursive predicates
mec vannin
provinces
both fully god and fully human
new york city global partners
3.64 – 3.93
18 %
20,000 bodies per day
the italian renaissance
821 / 822 ce
545
cahokia
physical objects
paperwhite 3
jean dalby clift
local building authority regulations and codes of practice
nikola tesla
messaging
national register of historic places
germany
1931
1953
ted quinlan
test262
asparagales
first landscaped
arboreal frogs
saddle soap
cladistics
exploration sciences building
1942
frisian
linguistics
2004
26 september 1897
mecklenburg-vorpommern
southbank
10 percent
desertification
march 27 , 1952
randy jackson
1935
norse sagas
behavioral decision-making theory
during the 1720s
macedonian
2008
jacobite
the local government act 1972
two hundred and fifty million
15
italian
étienne brûlé
giffoni film festival
27 june
honey
quattro fontane
diamond beach casino
quiahuiztlán
putrajaya
3,500
newcastle university
steven novella
codice _ 57
artha
waves
yugoslavism
the coast guard
west yorkshire metropolitan county council
300
air gap
micronesian
the middle ages
code of federal regulations
alpine
digital bit patterns and character symbols
saqaliba
calcium carbonate
computational linguistics
80
cantonese opera
saint theresa
july 14 , 2008
armoured frigate
confucius
1066
gandhara
matt painter
el nino
sidney smith hall
cuarenta casas
david brendel
gills
56
sharjah international book fair
type-2 grammar
seleucus i nicator
section 4 of the partnership act of 1932 , " partnership
scottish common sense realism
1971
roundhay park
haifa
hurricane
general counsel
hyperbolic model
ethnographical regions of lithuania
slovak national theatre
kiribati
pilot hill
a hundred years
26 %
university of maryland
hinduism
july 5 , 1779
1996
irreducible simplicity
general stone
valley
2009
1938
christopher columbus
temperature-sensitive
ethylbenzene
ice skates
milankovitch cycles
the ganges
1958
1815
first law of thermodynamics
bibliotheca alexandrina
marie curie
mpeg-2
oryphas
benjamin f. stapleton
15 %
pirita river
general haig
1903
23 september 2014
1878
a barrel
the king of morocco
john c. reynolds
98
rosés
football association
october 2007
social networks
east berlin and east germany
gothic
pan-arabism
ocean thermal energy conversion
jon bosak
shannon and weaver
bskyb and virgin media
humans
allan williams
monetary damages
jacopo da carrara
ackerman and fishkin
1964
all-america football conference
organizational behaviors
new jersey turnpike
the governor of jiangsu
1934
st. louis
german
1994
1890
sir ken robinson
scriptorium
1984
judah p. benjamin
interpersonal relationships
oak productions , inc.
patrolling
pentagram
martinique
1989
grasses
swling
the 1890s
boise
dermatology
earth jam
english
turquoise
2003
tel aviv
an immaterial soul
spectroscopic studies
tlaxcala
alan stern
adone zoli
reginald aubrey fessenden
30 %
2007
united states commonwealth
khartoum
nairobi
silver iodide
north dakota
1827
1941
wales
18,291 short tons
curling
1951
al-mawardi
manually
ki longfellow
1927
michel pinçon and monique pinçon-charlot
oscar cullmann
etymology
st andrews
italian
asm lithography
denver international airport
horizontal gene transfer
kalawao county
intent
king sobhuza ii
intake and compression
south australia
docklands light railway
brass
stevenson university
festival du voyageur
1313
onshore wind
boydton plank
southern and eastern europeans
40 %
lorentz transformations
spring
all actions by eu institutions can be subject to judicial review
tivoli – rožnik hill – šiška hill landscape park
naval station norfolk
genecards
america snowboarding association
16 %
£ 3,593
gulf stream
beck
the border patrol
warmer
36 %
42 %
817,000
1782
kim collins
josé urrea
thames estuary
va n't hoff
kordofan
brundalen skole
light radiation ( or thermal radiation
yorkshire
printmaking
" one in a bar "
william payne
lipid-lowering medication
veneto
reservations
motor constraints
directive 2001 / 58 / ec
veterans
1992
proprioception
1348
by direct , universal suffrage
steuben 's blue book
1540
super nintendo world
firefox esr
khalifa al-qattan
piton de la fournaise
walter heitler and fritz london
reginald kenneth dwight
timișoara
high german
david cameron
4 years
exponentiation
1992
keywords
silk
carl von voit
safaniya oil field
approximately 220 fellowships
2012
sky news
1970
yellow turban rebellion
nairobi
1802
english
between 1347 and 1497
karl popper
gemstones
british
two
victory bell
1275
sir frank whittle
renewable technologies
livingstone falls
399 bc
potsdam conference
moscow mean time
500,000
bryan sykes
algiers
ohio river
chrominance sine wave
olivier blanchard
john glenn
75 %
3339
billboards
battle of umm qasr
ethernet technology
grand rapids
bharatanatyam
hydrographical measurements
de zayas
1940s
zaman
georg friedrich händel
2009
7th and 11th
binary pulsars
dante alighieri
identity
1820
credit freeze
nuxalk
5.1
tantric teachings
doctor ambrogio m. piazzoni
funchal
jorge elorza
28
bs 8901
2005
mlm nauka laboratory
over 9 million tourist nights are spent in somerset each year
1127
1969
modern scholars
methanol fuel
schematron
wiley-blackwell
over 99 per cent
packers
john hill
leakage
a state 's consent
handicrafts
society of automotive engineers
12.8 %
lord ashcroft
2006
23.8
oracle corporation
pulitzer prizes
borussia dortmund and fc schalke 04
carnival tuesday
ezekiel emanuel
four thousand tons
semi-diurnal
the bay of kotor
seychelles
fauchard
concurrent programming
olfaction
gibtelecom adsl concentrator
devils lake
13
forests
1000
the county of holland
orthography
costa rica
endopterygota
gnosticism
wall street journal
nomadic pastoralists
